// Jest Snapshot v1, https://jestjs.io/docs/snapshot-testing

exports[`Component Library Tests AutoRoleView renders correctly 1`] = `
<View
  accessibilityRole="none"
/>
`;

exports[`Component Library Tests Button renders correctly 1`] = `
<View
  accessibilityLabel="Role wrapper for interactive"
  accessibilityRole="none"
  ref={
    {
      "current": null,
    }
  }
  style={
    {
      "position": "relative",
    }
  }
  testID="role-wrapper-interactive"
>
  <View>
    <Text>
      <TouchableOpacity
        accessibilityRole="button"
        accessibilityState={
          {
            "disabled": false,
          }
        }
        accessible={true}
        activeOpacity={0.7}
        disabled={false}
        style={
          [
            {
              "alignItems": "center",
              "borderRadius": 8,
              "flexDirection": "row",
              "justifyContent": "center",
            },
            {
              "backgroundColor": "#007AFF",
            },
            {
              "minHeight": 44,
              "paddingHorizontal": 16,
              "paddingVertical": 10,
            },
            false,
            undefined,
          ]
        }
        testID="button"
      >
        <Text
          style={
            [
              {
                "fontWeight": "600",
                "textAlign": "center",
              },
              {
                "color": "#FFFFFF",
              },
              {
                "fontSize": 16,
              },
              false,
              undefined,
            ]
          }
        />
      </TouchableOpacity>
    </Text>
  </View>
</View>
`;

exports[`Component Library Tests ErrorBoundary renders correctly 1`] = `null`;

exports[`Component Library Tests ErrorFallback renders correctly 1`] = `
<View
  style={
    {
      "alignItems": "center",
      "backgroundColor": "#ffffff",
      "flex": 1,
      "justifyContent": "center",
      "padding": 20,
    }
  }
>
  <Text
    style={
      {
        "color": "#ff0000",
        "fontSize": 18,
        "fontWeight": "bold",
        "marginBottom": 10,
        "textAlign": "center",
      }
    }
  >
    Something went wrong
  </Text>
  <Text
    style={
      {
        "color": "#333333",
        "fontSize": 14,
        "lineHeight": 1.5,
        "marginBottom": 20,
        "textAlign": "center",
      }
    }
  >
    An unexpected error occurred
  </Text>
  <View
    style={
      {
        "flexDirection": "row",
        "gap": 10,
      }
    }
  >
    <TouchableOpacity
      accessibilityLabel="Button"
      accessibilityRole="button"
      accessible={true}
      style={
        {
          "backgroundColor": "#007AFF",
          "borderRadius": 8,
          "paddingHorizontal": 20,
          "paddingVertical": 10,
        }
      }
    >
      <Text
        style={
          {
            "color": "#ffffff",
            "fontSize": 14,
            "fontWeight": "500",
          }
        }
      >
        Try Again
      </Text>
    </TouchableOpacity>
    <TouchableOpacity
      accessibilityLabel="Button"
      accessibilityRole="button"
      accessible={true}
      style={
        {
          "backgroundColor": "#007AFF",
          "borderRadius": 8,
          "paddingHorizontal": 20,
          "paddingVertical": 10,
        }
      }
    >
      <Text
        style={
          {
            "color": "#ffffff",
            "fontSize": 14,
            "fontWeight": "500",
          }
        }
      >
        Report Issue
      </Text>
    </TouchableOpacity>
  </View>
</View>
`;

exports[`Component Library Tests Text renders correctly 1`] = `
<Text
  accessibilityRole="text"
  style={
    [
      {
        "fontSize": 16,
      },
      {
        "color": "#1A1A1A",
      },
      undefined,
    ]
  }
/>
`;
