// Jest Snapshot v1, https://goo.gl/fbAQLP

exports[`Role component snapshot validation Snapshot baseline validation - file structure 1`] = `
{
  "Card": {
    "exists": true,
    "modified": "2025-07-24T03:27:11.828Z",
    "path": "/Users/sawyer/gitSync/tm-mobile-cursor/mobile-native-fresh/src/components/ui/Card.tsx",
    "size": 3611,
  },
  "TagChip": {
    "exists": true,
    "modified": "2025-07-18T00:16:32.386Z",
    "path": "/Users/sawyer/gitSync/tm-mobile-cursor/mobile-native-fresh/src/components/ui/TagChip.tsx",
    "size": 3015,
  },
}
`;
